00:00 +0: loading /Users/js/Desktop/severalbible/test/features/subscription/presentation/screens/premium_landing_screen_test.dart                                                                      00:01 +0: loading /Users/js/Desktop/severalbible/test/features/subscription/presentation/screens/premium_landing_screen_test.dart                                                                      00:01 +0: renders premium benefits list                                                                                                                                                                00:02 +0: renders premium benefits list                                                                                                                                                                00:02 +1: renders premium benefits list                                                                                                                                                                00:02 +1: renders product cards                                                                                                                                                                        00:02 +2: renders product cards                                                                                                                                                                        00:02 +2: All tests passed!                                                                                                                                                                            
